// Jest Snapshot v1, https://goo.gl/fbAQLP

exports[`wallet should deploy 1`] = `
[
  {
    "$seq": 0,
    "events": [
      {
        "$type": "deploy",
      },
      {
        "$type": "received",
        "message": {
          "body": {
            "cell": "x{4DA28EC08002BE5A3ECB0772CC29DE604D21331181FE1F0FF710171983512690F95022A2883_}
 x{544F4E}",
            "type": "cell",
          },
          "bounce": true,
          "from": "@treasure(treasure)",
          "to": "kQD7-ob3eGMc9BP5XzGAF5NcVZpu19Wi1oQrYRvQShxQzVP6",
          "type": "internal",
          "value": 50000000n,
        },
      },
      {
        "$type": "processed",
        "gasUsed": 9240n,
      },
    ],
  },
]
`;
